[2026-05-29 09:11:56][INFO] Health check started at 09:11:56
[2026-05-29 09:11:56][INFO] [PASS] disk_space: Disk: 412.8GB free
[2026-05-29 09:11:56][INFO] [PASS] data_cache_freshness: 28 cache files updated in last 24h
[2026-05-29 09:11:56][INFO] [PASS] events_db_freshness: events_db updated 10h ago
[2026-05-29 09:11:56][INFO] [PASS] signal_stale: No stale signals
[2026-05-29 09:11:56][OK] Health check: PASS
[2026-05-29 09:12:57][INFO] Health check started at 09:12:57
[2026-05-29 09:12:57][INFO] [PASS] disk_space: Disk: 412.8GB free
[2026-05-29 09:12:57][INFO] [PASS] data_cache_freshness: 28 cache files updated in last 24h
[2026-05-29 09:12:57][INFO] [PASS] events_db_freshness: events_db updated 10h ago
[2026-05-29 09:12:57][INFO] [PASS] signal_stale: No stale signals
[2026-05-29 09:12:57][OK] Health check: PASS
[2026-05-29 09:15:53][INFO] Health check started at 09:15:53
[2026-05-29 09:15:53][INFO] [PASS] disk_space: Disk: 412.8GB free
[2026-05-29 09:15:53][INFO] [PASS] data_cache_freshness: 28 cache files updated in last 24h
[2026-05-29 09:15:53][INFO] [PASS] events_db_freshness: events_db updated 0h ago
[2026-05-29 09:15:53][INFO] [PASS] signal_stale: No stale signals
[2026-05-29 09:15:53][OK] Health check: PASS
[2026-05-29 09:33:00][INFO] Health check started at 09:33:00
[2026-05-29 09:33:00][INFO] [PASS] disk_space: Disk: 412.8GB free
[2026-05-29 09:33:00][INFO] [PASS] data_cache_freshness: 28 cache files updated in last 24h
[2026-05-29 09:33:00][INFO] [PASS] events_db_freshness: events_db updated 0h ago
[2026-05-29 09:33:00][INFO] [PASS] signal_stale: No stale signals
[2026-05-29 09:33:00][OK] Health check: PASS
[2026-05-29 10:03:00][INFO] Health check started at 10:03:00
[2026-05-29 10:03:00][INFO] [PASS] disk_space: Disk: 412.8GB free
[2026-05-29 10:03:00][INFO] [PASS] data_cache_freshness: 28 cache files updated in last 24h
[2026-05-29 10:03:00][INFO] [PASS] events_db_freshness: events_db updated 1h ago
[2026-05-29 10:03:00][INFO] [PASS] signal_stale: No stale signals
[2026-05-29 10:03:00][OK] Health check: PASS
