===== Cron Runner 2026-05-29 09:45:00 =====
[INFO] ===== 模拟交易引擎 v1.6 | Date 20260529 =====
[INFO] 重点股票名单已加载: 10只
[INFO] 读取配置...
[INFO] 读取持仓...
[WARN] 当日评估数据不存在，回退至: 评估数据_20260528.json
[INFO] 读取评估数据...
[INFO] 执行数据质量检查...
[WARN]   000967 无评估数据，跳过
[WARN]   002230 无评估数据，跳过
[WARN]   300450 无评估数据，跳过
[WARN]   300736 无评估数据，跳过
[WARN]   301075 无评估数据，跳过
[WARN]   600114 无评估数据，跳过
[WARN]   601689 无评估数据，跳过
[WARN]   601727 无评估数据，跳过
[WARN]   603019 无评估数据，跳过
[WARN]   603092 无评估数据，跳过
[INFO] 数据质量检查完成
[INFO] 模式=safety_net: 无当日指令，只执行风控出场(P1-P5)，不开新仓
[INFO] 获取实时行情(退避重试模式, deadline=09:45)...
  [重试-0] 尝试腾讯行情[1]...
[INFO] 沪深300: 4933.94
[INFO] 检查除权除息... (placeholder)
[INFO] 执行出场检查...
[INFO] 执行开仓检查...
[INFO] ===== 净值: 990783.72 | 现金: 912939.72 | 持仓市值: 77844.00 =====
[INFO] 模拟交易完成
[ORCH][INFO] ===== 模拟交易统一调度器 v1.1 | Date 20260529 =====
[ORCH][INFO] 无腰子指令，使用纯自动模式
[ORCH][INFO] 统一资金池: 1000000 (Key Stock: 0.6 | Daily Rec: 0.4)
[ORCH][INFO] 
[ORCH][INFO] === 赛道1: 重点股票 ===
[ORCH][INFO] 重点股票引擎完成
[ORCH][INFO] 
[ORCH][INFO] === 赛道2: 每日荐股 ===
[ORCH][WARN] 每日荐股交易引擎脚本不存在，跳过
[ORCH][INFO] 
[ORCH][INFO] === 合并持仓视图 ===
[ORCH][INFO] 合并快照已写入: /Users/ccrt/ccrt/历史数据/01_交易快照/unified_snapshot_20260529.json
[ORCH][INFO] 
[ORCH][INFO] ===== 统一调度器 日报 20260529 =====
[ORCH][INFO] 合并净值: 990,783.72
[ORCH][INFO] 现金: 912,939.72 | 持仓市值: 77,844.00
[ORCH][INFO] 持仓数: 1 只 (重点: 1 | 荐股: 0)
[ORCH][INFO] 仓位: 7.9%
[ORCH][INFO] 
[ORCH][INFO]   [K] 拓普集团 1200股 成本72.09 现价64.87 浮动-10.02%
[ORCH][INFO] ===== END =====
[ORCH][INFO] [DONE]
Exit: 0
